// Jest Snapshot v1, https://goo.gl/fbAQLP

exports[`contact form matches snapshot 1`] = `
<form
  data-netlify="true"
  data-netlify-honeypot="phone"
  method="GET"
  name="contact-page-form"
>
  <input
    name="form-name"
    type="hidden"
    value=""
  />
  <div
    class="MuiGrid-root MuiGrid-container MuiGrid-spacing-xs-2"
  >
    <div
      class="MuiGrid-root MuiGrid-item MuiGrid-grid-xs-12 MuiGrid-grid-sm-6"
    >
      <div
        class="MuiFormControl-root MuiFormControl-fullWidth MuiTextField-root"
      >
        <label
          class="MuiFormLabel-root Mui-required Mui-required MuiInputLabel-root MuiInputLabel-formControl MuiInputLabel-animated MuiInputLabel-outlined"
          data-shrink="false"
          for="contact-name"
        >
          Name
          <span
            class="MuiFormLabel-asterisk MuiInputLabel-asterisk"
          >
             
            *
          </span>
        </label>
        <div
          class="MuiInputBase-root MuiOutlinedInput-root MuiInputBase-fullWidth MuiInputBase-formControl"
        >
          <fieldset
            aria-hidden="true"
            class="PrivateNotchedOutline-root-158 MuiOutlinedInput-notchedOutline"
            style="padding-left: 8px;"
          >
            <legend
              class="PrivateNotchedOutline-legend-159"
              style="width: 0.01px;"
            >
              <span>
                ​
              </span>
            </legend>
          </fieldset>
          <input
            aria-invalid="false"
            class="MuiInputBase-input MuiOutlinedInput-input"
            id="contact-name"
            name="name"
            placeholder="Princess Zelda"
            required=""
            type="text"
            value=""
          />
        </div>
      </div>
    </div>
    <div
      class="MuiGrid-root MuiGrid-item MuiGrid-grid-xs-12 MuiGrid-grid-sm-6"
    >
      <div
        class="MuiFormControl-root MuiFormControl-fullWidth MuiTextField-root"
      >
        <label
          class="MuiFormLabel-root Mui-required Mui-required MuiInputLabel-root MuiInputLabel-formControl MuiInputLabel-animated MuiInputLabel-outlined"
          data-shrink="false"
          for="contact-email"
        >
          Email
          <span
            class="MuiFormLabel-asterisk MuiInputLabel-asterisk"
          >
             
            *
          </span>
        </label>
        <div
          class="MuiInputBase-root MuiOutlinedInput-root MuiInputBase-fullWidth MuiInputBase-formControl"
        >
          <fieldset
            aria-hidden="true"
            class="PrivateNotchedOutline-root-158 MuiOutlinedInput-notchedOutline"
            style="padding-left: 8px;"
          >
            <legend
              class="PrivateNotchedOutline-legend-159"
              style="width: 0.01px;"
            >
              <span>
                ​
              </span>
            </legend>
          </fieldset>
          <input
            aria-invalid="false"
            autocomplete="email"
            class="MuiInputBase-input MuiOutlinedInput-input"
            id="contact-email"
            name="email"
            placeholder="princess.zelda@hyrule.gov"
            required=""
            type="email"
            value=""
          />
        </div>
      </div>
    </div>
    <div
      class="MuiGrid-root makeStyles-honeypot-1 MuiGrid-item MuiGrid-grid-xs-12"
    >
      <div
        class="MuiFormControl-root MuiFormControl-fullWidth MuiTextField-root"
        placholder="404.555.1212"
      >
        <label
          class="MuiFormLabel-root MuiInputLabel-root MuiInputLabel-formControl MuiInputLabel-animated MuiInputLabel-outlined"
          data-shrink="false"
          for="contact-phone"
        >
          Phone
        </label>
        <div
          class="MuiInputBase-root MuiOutlinedInput-root MuiInputBase-fullWidth MuiInputBase-formControl"
        >
          <fieldset
            aria-hidden="true"
            class="PrivateNotchedOutline-root-158 MuiOutlinedInput-notchedOutline"
            style="padding-left: 8px;"
          >
            <legend
              class="PrivateNotchedOutline-legend-159"
              style="width: 0.01px;"
            >
              <span>
                ​
              </span>
            </legend>
          </fieldset>
          <input
            aria-invalid="false"
            class="MuiInputBase-input MuiOutlinedInput-input"
            id="contact-phone"
            name="phone"
            type="text"
            value=""
          />
        </div>
      </div>
    </div>
    <div
      class="MuiGrid-root MuiGrid-item MuiGrid-grid-xs-12"
    >
      <div
        class="MuiFormControl-root MuiFormControl-fullWidth MuiTextField-root"
      >
        <label
          class="MuiFormLabel-root Mui-required Mui-required MuiInputLabel-root MuiInputLabel-formControl MuiInputLabel-animated MuiInputLabel-outlined"
          data-shrink="false"
          for="contact-message"
        >
          Message
          <span
            class="MuiFormLabel-asterisk MuiInputLabel-asterisk"
          >
             
            *
          </span>
        </label>
        <div
          class="MuiInputBase-root MuiOutlinedInput-root MuiInputBase-fullWidth MuiInputBase-formControl MuiInputBase-multiline MuiOutlinedInput-multiline"
        >
          <fieldset
            aria-hidden="true"
            class="PrivateNotchedOutline-root-158 MuiOutlinedInput-notchedOutline"
            style="padding-left: 8px;"
          >
            <legend
              class="PrivateNotchedOutline-legend-159"
              style="width: 0.01px;"
            >
              <span>
                ​
              </span>
            </legend>
          </fieldset>
          <textarea
            aria-invalid="false"
            class="MuiInputBase-input MuiOutlinedInput-input MuiInputBase-inputMultiline MuiOutlinedInput-inputMultiline"
            id="contact-message"
            name="message"
            placeholder="Open your eyes... Wake up, Link."
            required=""
            rows="4"
          />
        </div>
      </div>
    </div>
    <div
      class="MuiGrid-root MuiGrid-item MuiGrid-grid-xs-12 MuiGrid-grid-sm-3"
    >
      <button
        class="MuiButtonBase-root MuiButton-root MuiButton-containedPrimary MuiButton-contained MuiButton-sizeLarge MuiButton-fullWidth"
        margin="normal"
        tabindex="0"
        type="submit"
      >
        <span
          class="MuiButton-label"
        >
          Send Email
        </span>
        <span
          class="MuiTouchRipple-root"
        />
      </button>
    </div>
  </div>
</form>
`;
